// Jest Snapshot v1, https://goo.gl/fbAQLP

exports[`renders UI as expected 1`] = `
<div
  className="Card"
>
  <button
    type="button"
  >
    delete
  </button>
  <h3>
     
     
  </h3>
  <p>
     
     
  </p>
</div>
`;
